// Jest Snapshot v1, https://goo.gl/fbAQLP

exports[`renders correctly 1`] = `
<div>
  <span
    class="mb-2 text-red-500"
  >
    error
  </span>
</div>
`;
